Version 4.1
SHEET 1 880 680
WIRE 176 64 16 64
WIRE 224 64 176 64
WIRE 352 64 304 64
WIRE 448 64 352 64
WIRE 512 64 448 64
WIRE 16 144 16 64
WIRE 448 144 448 64
WIRE 16 272 16 224
WIRE 208 272 16 272
WIRE 448 272 448 208
WIRE 448 272 208 272
WIRE 208 304 208 272
FLAG 208 304 0
FLAG 176 64 X
FLAG 352 64 Y
FLAG 512 64 Vout
IOPIN 512 64 Out
SYMBOL voltage 16 128 R0
WINDOW 123 24 124 Left 2
WINDOW 39 0 0 Left 0
SYMATTR Value2 AC 1
SYMATTR InstName V
SYMATTR Value SINE(0 1m 1k)
SYMBOL res 320 48 R90
WINDOW 0 0 56 VBottom 2
WINDOW 3 32 56 VTop 2
SYMATTR InstName R
SYMATTR Value 1k
SYMBOL cap 432 144 R0
SYMATTR InstName C
SYMATTR Value 1µ
TEXT 16 312 Left 2 ;.op
TEXT 16 336 Left 2 !.tran 10m
TEXT 16 360 Left 2 ;.ac dec 1m 1 1G
TEXT 16 392 Left 2 ;.dc dec V 100 1 10
